<?xml version="1.0" encoding="UTF-8"?>
<testsuites name="jest tests" tests="6" failures="0" time="4.295">
  <testsuite name="classes" errors="0" failures="0" skipped="0" timestamp="2020-02-04T05:57:46" time="2.958" tests="4">
    <testcase classname="classes 接受 1 个 className" name="classes 接受 1 个 className" time="0.002">
    </testcase>
    <testcase classname="classes 接受 2 个 className" name="classes 接受 2 个 className" time="0.001">
    </testcase>
    <testcase classname="classes 可以忽略假值" name="classes 可以忽略假值" time="0">
    </testcase>
    <testcase classname="classes 可以不传值" name="classes 可以不传值" time="0">
    </testcase>
  </testsuite>
  <testsuite name="Icon" errors="0" failures="0" skipped="0" timestamp="2020-02-04T05:57:49" time="0.493" tests="2">
    <testcase classname="Icon render svg " name="Icon render svg " time="0.011">
    </testcase>
    <testcase classname="Icon onClick " name="Icon onClick " time="0.031">
    </testcase>
  </testsuite>
</testsuites>